INFO: [VRFC 10-2263] Analyzing Verilog file "C:/Users/Usuario/VivadoProjects/PIPELINE_E1/PIPELINE_E1.srcs/sources_1/imports/Src files/adder.v" into library xil_defaultlib
INFO: [VRFC 10-311] analyzing module adder
INFO: [VRFC 10-2263] Analyzing Verilog file "C:/Users/Usuario/VivadoProjects/PIPELINE_E1/PIPELINE_E1.srcs/sources_1/imports/Src files/alu.v" into library xil_defaultlib
INFO: [VRFC 10-311] analyzing module alu
INFO: [VRFC 10-2263] Analyzing Verilog file "C:/Users/Usuario/VivadoProjects/PIPELINE_E1/PIPELINE_E1.srcs/sources_1/imports/Src files/aludec.v" into library xil_defaultlib
INFO: [VRFC 10-311] analyzing module aludec
INFO: [VRFC 10-2263] Analyzing Verilog file "C:/Users/Usuario/VivadoProjects/PIPELINE_E1/PIPELINE_E1.srcs/sources_1/imports/Src files/controller.v" into library xil_defaultlib
INFO: [VRFC 10-311] analyzing module controller
INFO: [VRFC 10-2263] Analyzing Verilog file "C:/Users/Usuario/VivadoProjects/PIPELINE_E1/PIPELINE_E1.srcs/sources_1/imports/Src files/datapath.v" into library xil_defaultlib
INFO: [VRFC 10-311] analyzing module datapath
INFO: [VRFC 10-2263] Analyzing Verilog file "C:/Users/Usuario/VivadoProjects/PIPELINE_E1/PIPELINE_E1.srcs/sources_1/imports/c.sub/decompressor.v" into library xil_defaultlib
INFO: [VRFC 10-311] analyzing module decompressor
INFO: [VRFC 10-2263] Analyzing Verilog file "C:/Users/Usuario/VivadoProjects/PIPELINE_E1/PIPELINE_E1.srcs/sources_1/imports/Src files/dmem.v" into library xil_defaultlib
INFO: [VRFC 10-311] analyzing module dmem
INFO: [VRFC 10-2263] Analyzing Verilog file "C:/Users/Usuario/VivadoProjects/PIPELINE_E1/PIPELINE_E1.srcs/sources_1/imports/Src files/extend.v" into library xil_defaultlib
INFO: [VRFC 10-311] analyzing module extend
INFO: [VRFC 10-2263] Analyzing Verilog file "C:/Users/Usuario/VivadoProjects/PIPELINE_E1/PIPELINE_E1.srcs/sources_1/imports/Downloads/hazard.v" into library xil_defaultlib
INFO: [VRFC 10-311] analyzing module hazard
INFO: [VRFC 10-2263] Analyzing Verilog file "C:/Users/Usuario/VivadoProjects/PIPELINE_E1/PIPELINE_E1.srcs/sources_1/imports/Src files/imem.v" into library xil_defaultlib
INFO: [VRFC 10-311] analyzing module imem
INFO: [VRFC 10-2263] Analyzing Verilog file "C:/Users/Usuario/VivadoProjects/PIPELINE_E1/PIPELINE_E1.srcs/sources_1/imports/Src files/maindec.v" into library xil_defaultlib
INFO: [VRFC 10-311] analyzing module maindec
INFO: [VRFC 10-2263] Analyzing Verilog file "C:/Users/Usuario/VivadoProjects/PIPELINE_E1/PIPELINE_E1.srcs/sources_1/imports/Src files/mux2.v" into library xil_defaultlib
INFO: [VRFC 10-311] analyzing module mux2
INFO: [VRFC 10-2263] Analyzing Verilog file "C:/Users/Usuario/VivadoProjects/PIPELINE_E1/PIPELINE_E1.srcs/sources_1/imports/Downloads/mux3.v" into library xil_defaultlib
INFO: [VRFC 10-311] analyzing module mux3
INFO: [VRFC 10-2263] Analyzing Verilog file "C:/Users/Usuario/VivadoProjects/PIPELINE_E1/PIPELINE_E1.srcs/sources_1/new/mux4.v" into library xil_defaultlib
INFO: [VRFC 10-311] analyzing module mux4
INFO: [VRFC 10-2263] Analyzing Verilog file "C:/Users/Usuario/VivadoProjects/PIPELINE_E1/PIPELINE_E1.srcs/sources_1/imports/Src files/regfile.v" into library xil_defaultlib
INFO: [VRFC 10-311] analyzing module regfile
INFO: [VRFC 10-2263] Analyzing Verilog file "C:/Users/Usuario/VivadoProjects/PIPELINE_E1/PIPELINE_E1.srcs/sources_1/imports/Downloads/riscvpipelined.v" into library xil_defaultlib
INFO: [VRFC 10-311] analyzing module riscvpipelined
INFO: [VRFC 10-2263] Analyzing Verilog file "C:/Users/Usuario/VivadoProjects/PIPELINE_E1/PIPELINE_E1.srcs/sources_1/imports/Src files/top.v" into library xil_defaultlib
INFO: [VRFC 10-311] analyzing module top
INFO: [VRFC 10-2263] Analyzing Verilog file "C:/Users/Usuario/VivadoProjects/PIPELINE_E1/PIPELINE_E1.srcs/sim_1/imports/Src files/testbench.v" into library xil_defaultlib
INFO: [VRFC 10-311] analyzing module testbench
