Vivado Simulator v2025.2
Copyright 1986-2022 Xilinx, Inc. All Rights Reserved.
Copyright 2022-2025 Advanced Micro Devices, Inc. All Rights Reserved.
Running: C:/AMDDesignTools/2025.2/Vivado/bin/unwrapped/win64.o/xelab.exe --incr --debug typical --relax --mt 2 -L xil_defaultlib -L unisims_ver -L unimacro_ver -L secureip --snapshot testbench_behav xil_defaultlib.testbench xil_defaultlib.glbl -log elaborate.log 
Using 2 slave threads.
WARNING: [XSIM 43-3431] One or more environment variables have been detected which affect the operation of the C compiler. These are typically not set in standard installations and are not tested by AMD, however they may be appropriate for your system, so the flow will attempt to continue.  If errors occur, try running xelab with the "-mt off -v 1" switches to see more information from the C compiler. The following environment variables have been detected:
Starting static elaboration
Pass Through NonSizing Optimizer
Completed static elaboration
Starting simulation data flow analysis
WARNING: [XSIM 43-4099] "C:/Users/Usuario/VivadoProjects/PIPELINE_E1/PIPELINE_E1.srcs/sim_1/imports/Src files/testbench.v" Line 1. Module testbench doesn't have a timescale but at least one module in design has a timescale.
WARNING: [XSIM 43-4099] "C:/Users/Usuario/VivadoProjects/PIPELINE_E1/PIPELINE_E1.srcs/sources_1/imports/Src files/top.v" Line 1. Module top doesn't have a timescale but at least one module in design has a timescale.
WARNING: [XSIM 43-4099] "C:/Users/Usuario/VivadoProjects/PIPELINE_E1/PIPELINE_E1.srcs/sources_1/imports/Downloads/riscvpipelined.v" Line 1. Module riscvpipelined doesn't have a timescale but at least one module in design has a timescale.
WARNING: [XSIM 43-4099] "C:/Users/Usuario/VivadoProjects/PIPELINE_E1/PIPELINE_E1.srcs/sources_1/imports/Src files/controller.v" Line 1. Module controller doesn't have a timescale but at least one module in design has a timescale.
WARNING: [XSIM 43-4099] "C:/Users/Usuario/VivadoProjects/PIPELINE_E1/PIPELINE_E1.srcs/sources_1/imports/Src files/maindec.v" Line 1. Module maindec doesn't have a timescale but at least one module in design has a timescale.
WARNING: [XSIM 43-4099] "C:/Users/Usuario/VivadoProjects/PIPELINE_E1/PIPELINE_E1.srcs/sources_1/imports/Src files/aludec.v" Line 1. Module aludec doesn't have a timescale but at least one module in design has a timescale.
WARNING: [XSIM 43-4099] "C:/Users/Usuario/VivadoProjects/PIPELINE_E1/PIPELINE_E1.srcs/sources_1/imports/Src files/datapath.v" Line 1. Module datapath doesn't have a timescale but at least one module in design has a timescale.
WARNING: [XSIM 43-4099] "C:/Users/Usuario/VivadoProjects/PIPELINE_E1/PIPELINE_E1.srcs/sources_1/imports/Src files/mux2.v" Line 1. Module mux2(WIDTH=32) doesn't have a timescale but at least one module in design has a timescale.
WARNING: [XSIM 43-4099] "C:/Users/Usuario/VivadoProjects/PIPELINE_E1/PIPELINE_E1.srcs/sources_1/imports/Src files/adder.v" Line 1. Module adder doesn't have a timescale but at least one module in design has a timescale.
WARNING: [XSIM 43-4099] "C:/Users/Usuario/VivadoProjects/PIPELINE_E1/PIPELINE_E1.srcs/sources_1/imports/Src files/regfile.v" Line 1. Module regfile doesn't have a timescale but at least one module in design has a timescale.
WARNING: [XSIM 43-4099] "C:/Users/Usuario/VivadoProjects/PIPELINE_E1/PIPELINE_E1.srcs/sources_1/imports/Src files/extend.v" Line 1. Module extend doesn't have a timescale but at least one module in design has a timescale.
WARNING: [XSIM 43-4099] "C:/Users/Usuario/VivadoProjects/PIPELINE_E1/PIPELINE_E1.srcs/sources_1/imports/Downloads/mux3.v" Line 1. Module mux3(WIDTH=32) doesn't have a timescale but at least one module in design has a timescale.
WARNING: [XSIM 43-4099] "C:/Users/Usuario/VivadoProjects/PIPELINE_E1/PIPELINE_E1.srcs/sources_1/imports/Downloads/mux3.v" Line 1. Module mux3(WIDTH=32) doesn't have a timescale but at least one module in design has a timescale.
WARNING: [XSIM 43-4099] "C:/Users/Usuario/VivadoProjects/PIPELINE_E1/PIPELINE_E1.srcs/sources_1/imports/Src files/mux2.v" Line 1. Module mux2(WIDTH=32) doesn't have a timescale but at least one module in design has a timescale.
WARNING: [XSIM 43-4099] "C:/Users/Usuario/VivadoProjects/PIPELINE_E1/PIPELINE_E1.srcs/sources_1/imports/Src files/alu.v" Line 1. Module alu doesn't have a timescale but at least one module in design has a timescale.
WARNING: [XSIM 43-4099] "C:/Users/Usuario/VivadoProjects/PIPELINE_E1/PIPELINE_E1.srcs/sources_1/imports/Src files/mux2.v" Line 1. Module mux2(WIDTH=32) doesn't have a timescale but at least one module in design has a timescale.
WARNING: [XSIM 43-4099] "C:/Users/Usuario/VivadoProjects/PIPELINE_E1/PIPELINE_E1.srcs/sources_1/imports/Src files/adder.v" Line 1. Module adder doesn't have a timescale but at least one module in design has a timescale.
WARNING: [XSIM 43-4099] "C:/Users/Usuario/VivadoProjects/PIPELINE_E1/PIPELINE_E1.srcs/sources_1/new/mux4.v" Line 9. Module mux4(WIDTH=32) doesn't have a timescale but at least one module in design has a timescale.
WARNING: [XSIM 43-4099] "C:/Users/Usuario/VivadoProjects/PIPELINE_E1/PIPELINE_E1.srcs/sources_1/imports/Downloads/hazard.v" Line 1. Module hazard doesn't have a timescale but at least one module in design has a timescale.
WARNING: [XSIM 43-4099] "C:/Users/Usuario/VivadoProjects/PIPELINE_E1/PIPELINE_E1.srcs/sources_1/imports/Src files/imem.v" Line 1. Module imem doesn't have a timescale but at least one module in design has a timescale.
WARNING: [XSIM 43-4099] "C:/Users/Usuario/VivadoProjects/PIPELINE_E1/PIPELINE_E1.srcs/sources_1/imports/Src files/dmem.v" Line 1. Module dmem doesn't have a timescale but at least one module in design has a timescale.
Completed simulation data flow analysis
Time Resolution for simulation is 1ps
Compiling module xil_defaultlib.maindec
Compiling module xil_defaultlib.aludec
Compiling module xil_defaultlib.controller
Compiling module xil_defaultlib.mux2(WIDTH=32)
Compiling module xil_defaultlib.adder
Compiling module xil_defaultlib.regfile
Compiling module xil_defaultlib.extend
Compiling module xil_defaultlib.mux3(WIDTH=32)
Compiling module xil_defaultlib.alu
Compiling module xil_defaultlib.mux4(WIDTH=32)
Compiling module xil_defaultlib.datapath
Compiling module xil_defaultlib.hazard
Compiling module xil_defaultlib.riscvpipelined
Compiling module xil_defaultlib.imem
Compiling module xil_defaultlib.dmem
Compiling module xil_defaultlib.top
Compiling module xil_defaultlib.testbench
Compiling module xil_defaultlib.glbl
Built simulation snapshot testbench_behav
